05-26 01:14:27.572 E/AuthPII (13439): 	at android.os.Binder.execTransactInternal(Binder.java:1286)
05-26 01:14:27.572 E/AuthPII (13439): 	at android.os.Binder.execTransact(Binder.java:1245)
05-26 01:14:27.574 W/Auth    (13439): [AccountStateDownloader] Unable to look up account state from server: couldn't fetch accessToken [CONTEXT service_id=343 ]
05-26 01:14:27.574 W/Auth    (13439): [GaiaIdSync] Empty email. Not updating db. [CONTEXT service_id=153 ]
05-26 01:14:27.576 I/TranNonAdaptiveIconExtImpl( 3903): custom icon for ApplicationInfo{fd2171c com.transsion.hilauncher}
05-26 01:14:27.577 W/AudioALSACaptureDataProviderNormal(  720): readThread, latency_in_s,0.000001,0.039541,0.000064, totalTime 0.039606 > logTimeout 0.022000 TIMEOUT!!
05-26 01:14:27.581 I/TranIconHelper( 3903): Destory assetMAnager
05-26 01:14:27.585 I/TranIconHelper( 3903): Destory assetMAnager
05-26 01:14:27.588 I/PlayGamesServices[GamesSyncAdapter](30000): Starting sync for 5eec3ec6
05-26 01:14:27.599 I/PlayGamesServices[GamesSyncAdapter](30000): Sync duration for 5eec3ec6: 9
05-26 01:14:27.603 E/AuthPII (13439): [RequestTokenManager] getToken() -> BAD_AUTHENTICATION. App: com.google.android.gms, Service: oauth2:https://www.googleapis.com/auth/cryptauth
05-26 01:14:27.603 E/AuthPII (13439): bibt: Long live credential not available.
05-26 01:14:27.603 E/AuthPII (13439): 	at ahbx.a(:com.google.android.gms@261833029@26.18.33 (190400-913931251):1347)
05-26 01:14:27.603 E/AuthPII (13439): 	at ahce.b(:com.google.android.gms@261833029@26.18.33 (190400-913931251):26)
05-26 01:14:27.603 E/AuthPII (13439): 	at ahcc.a(:com.google.android.gms@261833029@26.18.33 (190400-913931251):745)
05-26 01:14:27.603 E/AuthPII (13439): 	at ahcb.b(:com.google.android.gms@261833029@26.18.33 (190400-913931251):151)
05-26 01:14:27.603 E/AuthPII (13439): 	at agqn.a(:com.google.android.gms@261833029@26.18.33 (190400-913931251):328)
05-26 01:14:27.603 E/AuthPII (13439): 	at aglm.f(:com.google.android.gms@261833029@26.18.33 (190400-913931251):24)
05-26 01:14:27.603 E/AuthPII (13439): 	at cwnx.fD(:com.google.android.gms@261833029@26.18.33 (190400-913931251):1)
05-26 01:14:27.603 E/AuthPII (13439): 	at cwoi.run(:com.google.android.gms@261833029@26.18.33 (190400-913931251):121)
05-26 01:14:27.603 E/AuthPII (13439): 	at haww.run(:com.google.android.gms@261833029@26.18.33 (190400-913931251):23)
05-26 01:14:27.603 E/AuthPII (13439): 	at bjix.c(:com.google.android.gms@261833029@26.18.33 (190400-913931251):50)
05-26 01:14:27.603 E/AuthPII (13439): 	at bjix.run(:com.google.android.gms@261833029@26.18.33 (190400-913931251):66)
05-26 01:14:27.603 E/AuthPII (13439): 	at java.util.concurrent.ThreadPoolExecutor.runWorker(ThreadPoolExecutor.java:1154)
05-26 01:14:27.603 E/AuthPII (13439): 	at java.util.concurrent.ThreadPoolExecutor$Worker.run(ThreadPoolExecutor.java:652)
05-26 01:14:27.603 E/AuthPII (13439): 	at bjoo.run(:com.google.android.gms@261833029@26.18.33 (190400-913931251):8)
05-26 01:14:27.603 E/AuthPII (13439): 	at java.lang.Thread.run(Thread.java:1564)
05-26 01:14:27.603 E/AuthPII (13439): Message is Long live credential not available.
05-26 01:14:27.603 E/AuthPII (13439): bibt: Long live credential not available.
05-26 01:14:27.603 E/AuthPII (13439): 	at ahbx.a(:com.google.android.gms@261833029@26.18.33 (190400-913931251):1347)
05-26 01:14:27.603 E/AuthPII (13439): 	at ahce.b(:com.google.android.gms@261833029@26.18.33 (190400-913931251):26)
05-26 01:14:27.603 E/AuthPII (13439): 	at ahcc.a(:com.google.android.gms@261833029@26.18.33 (190400-913931251):745)
05-26 01:14:27.603 E/AuthPII (13439): 	at ahcb.b(:com.google.android.gms@261833029@26.18.33 (190400-913931251):151)
05-26 01:14:27.603 E/AuthPII (13439): 	at agqn.a(:com.google.android.gms@261833029@26.18.33 (190400-913931251):328)
05-26 01:14:27.603 E/AuthPII (13439): 	at aglm.f(:com.google.android.gms@261833029@26.18.33 (190400-913931251):24)
05-26 01:14:27.603 E/AuthPII (13439): 	at cwnx.fD(:com.google.android.gms@261833029@26.18.33 (190400-913931251):1)
05-26 01:14:27.603 E/AuthPII (13439): 	at cwoi.run(:com.google.android.gms@261833029@26.18.33 (190400-913931251):121)
05-26 01:14:27.603 E/AuthPII (13439): 	at haww.run(:com.google.android.gms@261833029@26.18.33 (190400-913931251):23)
05-26 01:14:27.603 E/AuthPII (13439): 	at bjix.c(:com.google.android.gms@261833029@26.18.33 (190400-913931251):50)
05-26 01:14:27.603 E/AuthPII (13439): 	at bjix.run(:com.google.android.gms@261833029@26.18.33 (190400-913931251):66)
05-26 01:14:27.603 E/AuthPII (13439): 	at java.util.concurrent.ThreadPoolExecutor.runWorker(ThreadPoolExecutor.java:1154)
05-26 01:14:27.603 E/AuthPII (13439): 	at java.util.concurrent.ThreadPoolExecutor$Worker.run(ThreadPoolExecutor.java:652)
05-26 01:14:27.603 E/AuthPII (13439): 	at bjoo.run(:com.google.android.gms@261833029@26.18.33 (190400-913931251):8)
05-26 01:14:27.603 E/AuthPII (13439): 	at java.lang.Thread.run(Thread.java:1564)
05-26 01:14:27.625 I/Auth    (13439): (REDACTED) [GetToken] GetToken failed for app=%s with userRecoverable status: %s 
05-26 01:14:27.626 W/Auth    (13439): [GetTokenOperation] exception while trying to fetch auth tokens for app=com.google.android.gms [CONTEXT service_id=343 ]
05-26 01:14:27.626 W/Auth    (13439): ahbw: GetToken failed with status code and recovery intent: BadAuthentication
05-26 01:14:27.626 W/Auth    (13439): 	at ahcb.b(:com.google.android.gms@261833029@26.18.33 (190400-913931251):352)
05-26 01:14:27.626 W/Auth    (13439): 	at agqn.a(:com.google.android.gms@261833029@26.18.33 (190400-913931251):328)
05-26 01:14:27.626 W/Auth    (13439): 	at aglm.f(:com.google.android.gms@261833029@26.18.33 (190400-913931251):24)
05-26 01:14:27.626 W/Auth    (13439): 	at cwnx.fD(:com.google.android.gms@261833029@26.18.33 (190400-913931251):1)
05-26 01:14:27.626 W/Auth    (13439): 	at cwoi.run(:com.google.android.gms@261833029@26.18.33 (190400-913931251):121)
05-26 01:14:27.626 W/Auth    (13439): 	at haww.run(:com.google.android.gms@261833029@26.18.33 (190400-913931251):23)
05-26 01:14:27.626 W/Auth    (13439): 	at bjix.c(:com.google.android.gms@261833029@26.18.33 (190400-913931251):50)
05-26 01:14:27.626 W/Auth    (13439): 	at bjix.run(:com.google.android.gms@261833029@26.18.33 (190400-913931251):66)
05-26 01:14:27.626 W/Auth    (13439): 	at java.util.concurrent.ThreadPoolExecutor.runWorker(ThreadPoolExecutor.java:1154)
05-26 01:14:27.626 W/Auth    (13439): 	at java.util.concurrent.ThreadPoolExecutor$Worker.run(ThreadPoolExecutor.java:652)
05-26 01:14:27.626 W/Auth    (13439): 	at bjoo.run(:com.google.android.gms@261833029@26.18.33 (190400-913931251):8)
05-26 01:14:27.626 W/Auth    (13439): 	at java.lang.Thread.run(Thread.java:1564)
05-26 01:14:27.633 W/CCTFlatFileLogStore(13439): Excessive logging: 128 events, 130849 bytes from log source ANDROID_AUTH last 32s
05-26 01:14:27.645 I/NetworkScheduler.Stats(13439): (REDACTED) Task %s/%s finished executing. cause:%s result: %s elapsed_millis: %s uptime_millis: %s exec_start_elapsed_seconds: %s
05-26 01:14:27.648 W/PlayGamesServices[DataBroker](30000): No player ID found when refreshing
05-26 01:14:27.671 W/PlayGamesServices[DataBroker](30000): No player ID found when refreshing
05-26 01:14:27.673 W/PlayGamesServices[DataBroker](30000): No player ID found when refreshing
05-26 01:14:27.675 W/PlayGamesServices[DataBroker](30000): No player ID found when refreshing
05-26 01:14:27.677 W/PlayGamesServices[DataBroker](30000): No player ID found when refreshing
05-26 01:14:27.723 W/PlayGamesServices[DataBroker](30000): No player ID found when refreshing
05-26 01:14:27.725 W/PlayGamesServices[DataBroker](30000): No player ID found when refreshing
05-26 01:14:27.726 I/NetworkScheduler.Stats(13439): (REDACTED) Task %s/%s started execution. cause:%s exec_start_elapsed_seconds: %s
05-26 01:14:27.732 I/PlayGamesServices[GamesSyncAdapter](30000): Starting sync for ce13e262
05-26 01:14:27.739 I/PlayGamesServices[GamesSyncAdapter](30000): Sync duration for ce13e262: 5
05-26 01:14:27.747 I/TranNonAdaptiveIconExtImpl( 3903): custom icon for ApplicationInfo{6a6da0d com.magiconnect.tcast}
05-26 01:14:27.751 I/TranIconHelper( 3903): Destory assetMAnager
05-26 01:14:27.756 I/TranIconHelper( 3903): Destory assetMAnager
05-26 01:14:27.758 I/NetworkScheduler.Stats(13439): (REDACTED) Task %s/%s finished executing. cause:%s result: %s elapsed_millis: %s uptime_millis: %s exec_start_elapsed_seconds: %s
05-26 01:14:27.765 W/PlayGamesServices[DataBroker](30000): No player ID found when refreshing
05-26 01:14:27.770 I/GetServiceValidatorImpl(30000): (REDACTED) onGetService() from Client SDK version [%s], Module version [%s], PGA version [%s], Account [%s], Calling package [%s], Game package [%s]
05-26 01:14:27.772 I/GetGamesServiceReqFacto(30000): (REDACTED) Parsing request with ignored arguments. signInOptionsBundle [%s], isRetryingSignIn [%s], skipWelcomePopup [%s], requireGooglePlus [%s]
05-26 01:14:27.772 I/GetGamesServiceReqFacto(30000): Replacing request for `games` scope with `games_lite`
05-26 01:14:27.777 W/AudioALSACaptureDataProviderNormal(  720): readThread, latency_in_s,0.000002,0.039458,0.000100, totalTime 0.039559 > logTimeout 0.022000 TIMEOUT!!
05-26 01:14:27.784 I/SignInPerformer-2(30000): (REDACTED) Handling request [%s], isFirstPartyCaller [%s]
05-26 01:14:27.785 I/SignInPerformer-2(30000): Successfully brokered first-party unauthenticated GamesService [CONTEXT service_id=1 ]
05-26 01:14:27.786 I/GetGamesServiceV2Op(30000): (REDACTED) Successfully brokered GamesService for request %s
05-26 01:14:27.788 W/PlayGamesServices[DataBroker](30000): No player ID found when refreshing
05-26 01:14:27.790 W/PlayGamesServices[DataBroker](30000): No player ID found when refreshing
05-26 01:14:27.793 E/BtGatt.ContextMap(31144): Context not found for ID 0
05-26 01:14:27.793 W/TWSClientService(31144): array is null
05-26 01:14:27.794 W/PlayGamesServices[DataBroker](30000): No player ID found when refreshing
05-26 01:14:27.795 W/PlayGamesServices[DataBroker](30000): No player ID found when refreshing
05-26 01:14:27.805 I/TranNonAdaptiveIconExtImpl( 3903): custom icon for ApplicationInfo{1a3967a invo8.meezan.mb}
05-26 01:14:27.805 I/mtkpower@impl(  738): [powerd_req] TIMER_MSG_PERF_LOCK_TIMEOUT hdl:12015
05-26 01:14:27.809 I/TranIconHelper( 3903): Destory assetMAnager
05-26 01:14:27.813 I/TranIconHelper( 3903): Destory assetMAnager
05-26 01:14:27.823 W/PlayGamesServices[DataBroker](30000): No player ID found when refreshing
05-26 01:14:27.824 I/NetworkScheduler.Stats(13439): (REDACTED) Task %s/%s started execution. cause:%s exec_start_elapsed_seconds: %s
05-26 01:14:27.825 W/PlayGamesServices[DataBroker](30000): No player ID found when refreshing
05-26 01:14:27.831 I/PlayGamesServices[GamesSyncAdapter](30000): Starting sync for c45dc983
05-26 01:14:27.834 I/PlayGamesServices[GamesSyncAdapter](30000): Sync duration for c45dc983: 3
05-26 01:14:27.837 W/AudioALSACaptureDataProviderNormal(  720): readThread, latency_in_s,0.000002,0.039745,0.000067, totalTime 0.039813 > logTimeout 0.022000 TIMEOUT!!
05-26 01:14:27.845 I/NetworkScheduler.Stats(13439): (REDACTED) Task %s/%s finished executing. cause:%s result: %s elapsed_millis: %s uptime_millis: %s exec_start_elapsed_seconds: %s
05-26 01:14:27.854 W/PlayGamesServices[DataBroker](30000): No player ID found when refreshing
05-26 01:14:27.868 W/PlayGamesServices[DataBroker](30000): No player ID found when refreshing
05-26 01:14:27.870 W/PlayGamesServices[DataBroker](30000): No player ID found when refreshing
05-26 01:14:27.871 W/PlayGamesServices[DataBroker](30000): No player ID found when refreshing
05-26 01:14:27.871 I/libPerfCtl(  738): xgfGetFPS pid:1911 fps:-1
05-26 01:14:27.871 I/libPerfCtl(  738): xgfGetFPS pid:10319 fps:-1
05-26 01:14:27.871 I/libPerfCtl(  738): xgfGetFPS pid:12743 fps:-1
05-26 01:14:27.872 W/PlayGamesServices[DataBroker](30000): No player ID found when refreshing
05-26 01:14:27.877 W/AudioALSACaptureDataProviderNormal(  720): readThread, latency_in_s,0.000001,0.039568,0.000060, totalTime 0.039629 > logTimeout 0.022000 TIMEOUT!!
05-26 01:14:27.899 I/TranNonAdaptiveIconExtImpl( 3903): custom icon for ApplicationInfo{359d856 com.transsnet.store}
05-26 01:14:27.904 I/TranIconHelper( 3903): Destory assetMAnager
05-26 01:14:27.904 W/PlayGamesServices[DataBroker](30000): No player ID found when refreshing
05-26 01:14:27.905 W/PlayGamesServices[DataBroker](30000): No player ID found when refreshing
05-26 01:14:27.907 I/NetworkScheduler.Stats(13439): (REDACTED) Task %s/%s started execution. cause:%s exec_start_elapsed_seconds: %s
05-26 01:14:27.909 I/TranIconHelper( 3903): Destory assetMAnager
05-26 01:14:27.913 I/PlayGamesServices[GamesSyncAdapter](30000): Starting sync for 55a50f3c
05-26 01:14:27.917 I/PlayGamesServices[GamesSyncAdapter](30000): Sync duration for 55a50f3c: 3
05-26 01:14:27.928 I/NetworkScheduler.Stats(13439): (REDACTED) Task %s/%s finished executing. cause:%s result: %s elapsed_millis: %s uptime_millis: %s exec_start_elapsed_seconds: %s
05-26 01:14:27.929 I/TranNonAdaptiveIconExtImpl( 3903): custom icon for ApplicationInfo{8501760 com.Neurononfire.SupremeDuelist}
05-26 01:14:27.933 I/TranIconHelper( 3903): Destory assetMAnager
05-26 01:14:27.937 W/PlayGamesServices[DataBroker](30000): No player ID found when refreshing
05-26 01:14:27.937 W/AudioALSACaptureDataProviderNormal(  720): readThread, latency_in_s,0.000002,0.039735,0.000082, totalTime 0.039818 > logTimeout 0.022000 TIMEOUT!!
05-26 01:14:27.938 I/TranIconHelper( 3903): Destory assetMAnager
05-26 01:14:27.951 I/TranNonAdaptiveIconExtImpl( 3903): custom icon for ApplicationInfo{f3e2dbc com.YsoCorp.MobileRun}
05-26 01:14:27.955 W/PlayGamesServices[DataBroker](30000): No player ID found when refreshing
05-26 01:14:27.956 I/TranIconHelper( 3903): Destory assetMAnager
05-26 01:14:27.957 W/PlayGamesServices[DataBroker](30000): No player ID found when refreshing
05-26 01:14:27.960 W/PlayGamesServices[DataBroker](30000): No player ID found when refreshing
05-26 01:14:27.961 I/TranIconHelper( 3903): Destory assetMAnager
05-26 01:14:27.962 W/PlayGamesServices[DataBroker](30000): No player ID found when refreshing
05-26 01:14:27.972 I/TranNonAdaptiveIconExtImpl( 3903): custom icon for ApplicationInfo{3ddb44a com.YsoCorp.NinjaHands}
05-26 01:14:27.976 I/TranIconHelper( 3903): Destory assetMAnager
05-26 01:14:27.978 W/AudioALSACaptureDataProviderNormal(  720): readThread, latency_in_s,0.000001,0.039612,0.000088, totalTime 0.039701 > logTimeout 0.022000 TIMEOUT!!
05-26 01:14:27.981 I/TranIconHelper( 3903): Destory assetMAnager
05-26 01:14:27.990 I/TranNonAdaptiveIconExtImpl( 3903): custom icon for ApplicationInfo{46fdc08 com.YsoCorp.TVInvasion}
05-26 01:14:27.997 I/NetworkScheduler.Stats(13439): (REDACTED) Task %s/%s started execution. cause:%s exec_start_elapsed_seconds: %s
05-26 01:14:27.997 I/TranIconHelper( 3903): Destory assetMAnager
05-26 01:14:28.000 W/PlayGamesServices[DataBroker](30000): No player ID found when refreshing
05-26 01:14:28.002 W/PlayGamesServices[DataBroker](30000): No player ID found when refreshing
05-26 01:14:28.003 I/TranIconHelper( 3903): Destory assetMAnager
05-26 01:14:28.003 I/PlayGamesServices[GamesSyncAdapter](30000): Starting sync for 8f51ad08
05-26 01:14:28.011 I/PlayGamesServices[GamesSyncAdapter](30000): Sync duration for 8f51ad08: 4
05-26 01:14:28.019 I/TranNonAdaptiveIconExtImpl( 3903): custom icon for ApplicationInfo{335aee4 com.aiswei.international}
05-26 01:14:28.023 I/TranIconHelper( 3903): Destory assetMAnager
05-26 01:14:28.027 I/NetworkScheduler.Stats(13439): (REDACTED) Task %s/%s finished executing. cause:%s result: %s elapsed_millis: %s uptime_millis: %s exec_start_elapsed_seconds: %s
05-26 01:14:28.029 I/TranIconHelper( 3903): Destory assetMAnager
05-26 01:14:28.038 W/AudioALSACaptureDataProviderNormal(  720): readThread, latency_in_s,0.000002,0.039806,0.000088, totalTime 0.039896 > logTimeout 0.022000 TIMEOUT!!
05-26 01:14:28.042 W/PlayGamesServices[DataBroker](30000): No player ID found when refreshing
05-26 01:14:28.063 W/PlayGamesServices[DataBroker](30000): No player ID found when refreshing
05-26 01:14:28.066 W/PlayGamesServices[DataBroker](30000): No player ID found when refreshing
05-26 01:14:28.068 W/PlayGamesServices[DataBroker](30000): No player ID found when refreshing
05-26 01:14:28.070 W/PlayGamesServices[DataBroker](30000): No player ID found when refreshing
05-26 01:14:28.110 W/PlayGamesServices[DataBroker](30000): No player ID found when refreshing
05-26 01:14:28.113 W/PlayGamesServices[DataBroker](30000): No player ID found when refreshing
05-26 01:14:28.119 I/NetworkScheduler.Stats(13439): (REDACTED) Task %s/%s started execution. cause:%s exec_start_elapsed_seconds: %s
05-26 01:14:28.122 I/PlayGamesServices[GamesSyncAdapter](30000): Starting sync for feaa6f71
05-26 01:14:28.126 I/PlayGamesServices[GamesSyncAdapter](30000): Sync duration for feaa6f71: 3
05-26 01:14:28.127 I/TranNonAdaptiveIconExtImpl( 3903): custom icon for ApplicationInfo{10dd198 com.base.bankalfalah}
05-26 01:14:28.131 I/TranIconHelper( 3903): Destory assetMAnager
05-26 01:14:28.135 I/TranIconHelper( 3903): Destory assetMAnager
05-26 01:14:28.137 W/AudioALSACaptureDataProviderNormal(  720): readThread, latency_in_s,0.000002,0.039646,0.000098, totalTime 0.039746 > logTimeout 0.022000 TIMEOUT!!
05-26 01:14:28.143 I/NetworkScheduler.Stats(13439): (REDACTED) Task %s/%s finished executing. cause:%s result: %s elapsed_millis: %s uptime_millis: %s exec_start_elapsed_seconds: %s
05-26 01:14:28.152 W/RefBase (13292): RefBase: Explicit destruction, weak count = 0 (in 0x7c4bdb76d0). Use sp<> to manage this object.
05-26 01:14:28.156 W/PlayGamesServices[DataBroker](30000): No player ID found when refreshing
05-26 01:14:28.160 I/TranNonAdaptiveIconExtImpl( 3903): custom icon for ApplicationInfo{f22f0e0 com.daraz.android}
05-26 01:14:28.163 I/TranIconHelper( 3903): Destory assetMAnager
05-26 01:14:28.167 I/TranIconHelper( 3903): Destory assetMAnager
05-26 01:14:28.174 W/PlayGamesServices[DataBroker](30000): No player ID found when refreshing
05-26 01:14:28.175 W/PlayGamesServices[DataBroker](30000): No player ID found when refreshing
05-26 01:14:28.177 W/AudioALSACaptureDataProviderNormal(  720): readThread, latency_in_s,0.000001,0.039479,0.000063, totalTime 0.039543 > logTimeout 0.022000 TIMEOUT!!
05-26 01:14:28.178 W/PlayGamesServices[DataBroker](30000): No player ID found when refreshing
05-26 01:14:28.181 W/PlayGamesServices[DataBroker](30000): No player ID found when refreshing
05-26 01:14:28.215 W/PlayGamesServices[DataBroker](30000): No player ID found when refreshing
05-26 01:14:28.217 W/PlayGamesServices[DataBroker](30000): No player ID found when refreshing
05-26 01:14:28.217 W/AudioALSACaptureDataProviderNormal(  720): readThread, latency_in_s,0.000001,0.039606,0.000086, totalTime 0.039694 > logTimeout 0.022000 TIMEOUT!!
05-26 01:14:28.219 I/NetworkScheduler.Stats(13439): (REDACTED) Task %s/%s started execution. cause:%s exec_start_elapsed_seconds: %s
05-26 01:14:28.225 I/PlayGamesServices[GamesSyncAdapter](30000): Starting sync for 3c67e224
05-26 01:14:28.229 I/PlayGamesServices[GamesSyncAdapter](30000): Sync duration for 3c67e224: 3
05-26 01:14:28.237 I/MediaProvider( 3587): Deleted 0 0 0 0 0 0 1 items on external_primary due to com.android.shell
05-26 01:14:28.245 I/NetworkScheduler.Stats(13439): (REDACTED) Task %s/%s finished executing. cause:%s result: %s elapsed_millis: %s uptime_millis: %s exec_start_elapsed_seconds: %s
05-26 01:14:28.254 W/PlayGamesServices[DataBroker](30000): No player ID found when refreshing
05-26 01:14:28.256 I/TranNonAdaptiveIconExtImpl( 3903): custom icon for ApplicationInfo{10a9672 com.entertainerasia.vouch365}
05-26 01:14:28.257 W/AudioALSACaptureDataProviderNormal(  720): readThread, latency_in_s,0.000001,0.039565,0.000059, totalTime 0.039625 > logTimeout 0.022000 TIMEOUT!!
05-26 01:14:28.260 I/TranIconHelper( 3903): Destory assetMAnager
05-26 01:14:28.264 I/TranIconHelper( 3903): Destory assetMAnager
05-26 01:14:28.273 W/PlayGamesServices[DataBroker](30000): No player ID found when refreshing
05-26 01:14:28.275 W/PlayGamesServices[DataBroker](30000): No player ID found when refreshing
05-26 01:14:28.276 W/PlayGamesServices[DataBroker](30000): No player ID found when refreshing
05-26 01:14:28.279 W/PlayGamesServices[DataBroker](30000): No player ID found when refreshing
05-26 01:14:28.297 W/AudioALSACaptureDataProviderNormal(  720): readThread, latency_in_s,0.000001,0.039605,0.000064, totalTime 0.039670 > logTimeout 0.022000 TIMEOUT!!
05-26 01:14:28.305 D/TimeCheck(  745): isMT6580Project boolVal = 0 
05-26 01:14:28.306 D/TimeCheck(  745): isMT6580Project boolVal = 0 
05-26 01:14:28.315 W/PlayGamesServices[DataBroker](30000): No player ID found when refreshing
05-26 01:14:28.316 W/PlayGamesServices[DataBroker](30000): No player ID found when refreshing
05-26 01:14:28.336 I/NetworkScheduler.Stats(13439): (REDACTED) Task %s/%s started execution. cause:%s exec_start_elapsed_seconds: %s
05-26 01:14:28.337 W/AudioALSACaptureDataProviderNormal(  720): readThread, latency_in_s,0.000001,0.039619,0.000063, totalTime 0.039683 > logTimeout 0.022000 TIMEOUT!!
05-26 01:14:28.338 D/BoundBrokerSvc(30000): onUnbind: Intent { act=com.google.android.gms.audit.service.START dat=chimera-action:/... cmp=com.google.android.gms/.chimera.GmsBoundBrokerService }
05-26 01:14:28.340 D/TimeCheck(  745): isMT6580Project boolVal = 0 
05-26 01:14:28.341 D/TimeCheck(  745): isMT6580Project boolVal = 0 
05-26 01:14:28.340 I/PlayGamesServices[GamesSyncAdapter](30000): Starting sync for 3306dd37
05-26 01:14:28.345 I/PlayGamesServices[GamesSyncAdapter](30000): Sync duration for 3306dd37: 3
05-26 01:14:28.345 V/AlarmManager( 1478): set(PendingIntent{e3691df: PendingIntentRecord{6d7b9e com.google.android.gms/com.google.android.gms.scheduler broadcastIntent}}) : type=3 triggerAtTime=252894022 win=0 tElapsed=252898291 maxElapsed=252898291 interval=0 flags=0x0
05-26 01:14:28.346 D/AlarmManagerService( 1478): inside native alarm timerfd set Alarm Type = 2
05-26 01:14:28.346 D/AlarmManagerService( 1478): inside native alarm timerfd set Alarm Type = 3
05-26 01:14:28.356 I/NetworkScheduler.Stats(13439): (REDACTED) Task %s/%s finished executing. cause:%s result: %s elapsed_millis: %s uptime_millis: %s exec_start_elapsed_seconds: %s
