05-24 01:53:51.099  4371  4371 W g0      : 	at android.os.Looper.loop(Looper.java:324)
05-24 01:53:51.099  4371  4371 W g0      : 	at android.app.ActivityThread.main(ActivityThread.java:8547)
05-24 01:53:51.099  4371  4371 W g0      : 	at java.lang.reflect.Method.invoke(Native Method)
05-24 01:53:51.099  4371  4371 W g0      : 	at com.android.internal.os.RuntimeInit$MethodAndArgsCaller.run(RuntimeInit.java:582)
05-24 01:53:51.099  4371  4371 W g0      : 	at com.android.internal.os.ZygoteInit.main(ZygoteInit.java:1061)
05-24 01:53:51.115 22449 22449 D BLASTBufferQueue: [VRI[GoogleDiscoverWindow]#11](f:0,a:0) destructor()
05-24 01:53:51.116 22449 22449 D BufferQueueConsumer: [VRI[GoogleDiscoverWindow]#11(BLAST Consumer)11](id:57b10000000b,api:0,p:-1,c:22449) disconnect
05-24 01:53:51.278 23560 23560 W ThreadPoolForeg: type=1400 audit(0.0:151238): avc: denied { write } for name="traced_producer" dev="tmpfs" ino=17544 scontext=u:r:gmscore_app:s0:c512,c768 tcontext=u:object_r:traced_producer_socket:s0 tclass=sock_file permissive=0 app=com.google.android.gms
05-24 01:53:51.510 27363 27363 D BLASTBufferQueue: [VRI[InstrumentationActivityInvoker$EmptyActivity]#2](f:0,a:0) destructor()
05-24 01:53:51.510 27363 27363 D BufferQueueConsumer: [VRI[InstrumentationActivityInvoker$EmptyActivity]#2(BLAST Consumer)2](id:6ae300000002,api:0,p:-1,c:27363) disconnect
05-24 01:53:51.712  4371  4371 D BLASTBufferQueue: [VRI[InputMethod]#74](f:0,a:0) destructor()
05-24 01:53:51.712  4371  4371 D BufferQueueConsumer: [VRI[InputMethod]#74(BLAST Consumer)74](id:11130000004a,api:0,p:-1,c:4371) disconnect
05-24 01:53:51.900 27363 27363 D BufferQueueConsumer: [](id:6ae300000003,api:0,p:-1,c:27363) connect: controlledByApp=false
05-24 01:53:51.917 27363 27381 D BLASTBufferQueue: [VRI[InstrumentationActivityInvoker$EmptyActivity]#3](f:0,a:1) acquireNextBufferLocked size=1080x2408 mFrameNumber=1 applyTransaction=true mTimestamp=40563349877185(auto) mPendingTransactions.size=0 graphicBufferId=117523190120461 transform=0
05-24 01:53:51.920 27363 27381 W Parcel  : Expecting binder but got null!
05-24 01:53:51.993 22449 22449 D BufferQueueConsumer: [](id:57b10000000c,api:0,p:-1,c:22449) connect: controlledByApp=false
05-24 01:53:51.995 22449 22449 I byaf    : (REDACTED) onApplyWindowInsets: systemWindowInsets=%s
05-24 01:53:51.996 22449 22449 I byaf    : (REDACTED) onApplyWindowInsets: systemWindowInsets=%s
05-24 01:53:52.008 22449 22603 D BLASTBufferQueue: [VRI[GoogleDiscoverWindow]#12](f:0,a:1) acquireNextBufferLocked size=1080x2408 mFrameNumber=1 applyTransaction=true mTimestamp=40563441295877(auto) mPendingTransactions.size=0 graphicBufferId=96417720827953 transform=0
05-24 01:53:52.025 22449 22449 I bygm    : onStart
05-24 01:53:52.039 10527 10572 I ekqi    : (REDACTED) HDM. appOpsListener %s %s
05-24 01:53:52.040 10527 10572 I ekqi    : (REDACTED) HDM. Ignoring irrelevant audio permission changes for package %s
05-24 01:53:52.040 22449 22449 I bvzm    : (REDACTED) [%s] onStart()
05-24 01:53:52.054 22449 22449 I bwbz    : Reloading theme data
05-24 01:53:52.057 22449 22449 E NetworkErrorMessage: (REDACTED) Invalid connectivity state: %s
05-24 01:53:52.065 27363 27381 I GED     : ged_boost_gpu_freq, level 100, eOrigin 2, final_idx 29, oppidx_max 29, oppidx_min 0
05-24 01:53:52.072 22449 22449 I bygm    : onResume
05-24 01:53:52.076 22449 22449 W dnyu    : missing event name
05-24 01:53:52.112 27217 27217 I app_process: System.exit called, status: 0
05-24 01:53:52.113 27217 27217 I AndroidRuntime: VM exiting with result code 0.
05-24 01:53:52.311  4371  4371 W g0      : onStartInput event aborted
05-24 01:53:52.311  4371  4371 W g0      : ic0.d0: could not obtain extracted text
05-24 01:53:52.311  4371  4371 W g0      : 	at ic0.x0.H(Unknown Source:329)
05-24 01:53:52.311  4371  4371 W g0      : 	at o70.b0.h(Unknown Source:283)
05-24 01:53:52.311  4371  4371 W g0      : 	at o70.j3.h(Unknown Source:4)
05-24 01:53:52.311  4371  4371 W g0      : 	at com.touchtype.KeyboardService.onStartInput(Unknown Source:11)
05-24 01:53:52.311  4371  4371 W g0      : 	at android.inputmethodservice.InputMethodService.doStartInput(InputMethodService.java:2902)
05-24 01:53:52.311  4371  4371 W g0      : 	at android.inputmethodservice.InputMethodService$InputMethodImpl.startInput(InputMethodService.java:809)
05-24 01:53:52.311  4371  4371 W g0      : 	at android.inputmethodservice.InputMethodService$InputMethodImpl.dispatchStartInputWithToken(InputMethodService.java:840)
05-24 01:53:52.311  4371  4371 W g0      : 	at android.inputmethodservice.IInputMethodWrapper.executeMessage(IInputMethodWrapper.java:213)
05-24 01:53:52.311  4371  4371 W g0      : 	at com.android.internal.os.HandlerCaller$MyHandler.handleMessage(HandlerCaller.java:44)
05-24 01:53:52.311  4371  4371 W g0      : 	at android.os.Handler.dispatchMessage(Handler.java:106)
05-24 01:53:52.311  4371  4371 W g0      : 	at android.os.Looper.loopOnce(Looper.java:223)
05-24 01:53:52.311  4371  4371 W g0      : 	at android.os.Looper.loop(Looper.java:324)
05-24 01:53:52.311  4371  4371 W g0      : 	at android.app.ActivityThread.main(ActivityThread.java:8547)
05-24 01:53:52.311  4371  4371 W g0      : 	at java.lang.reflect.Method.invoke(Native Method)
05-24 01:53:52.311  4371  4371 W g0      : 	at com.android.internal.os.RuntimeInit$MethodAndArgsCaller.run(RuntimeInit.java:582)
05-24 01:53:52.311  4371  4371 W g0      : 	at com.android.internal.os.ZygoteInit.main(ZygoteInit.java:1061)
05-24 01:53:52.342 21773 21773 W Finsky  : [2] STU: Failed to get storage stats for package 'com.google.mainline.primary.libs' (1601: Error getting stats: android.content.pm.PackageManager.NameNotFoundException)
05-24 01:53:52.543 27363 27363 D BLASTBufferQueue: [VRI[InstrumentationActivityInvoker$EmptyActivity]#3](f:0,a:0) destructor()
05-24 01:53:52.543 27363 27363 D BufferQueueConsumer: [VRI[InstrumentationActivityInvoker$EmptyActivity]#3(BLAST Consumer)3](id:6ae300000003,api:0,p:-1,c:27363) disconnect
05-24 01:53:52.882 23560 23560 D BoundBrokerSvc: onUnbind: Intent { act=com.google.android.gms.feedback.internal.IFeedbackService dat=chimera-action:/... cmp=com.google.android.gms/.chimera.GmsBoundBrokerService }
05-24 01:53:53.252 21773 21773 W Finsky  : [2] STU: Failed to get storage stats for package 'com.google.android.appsearch' (1601: Error getting stats: android.content.pm.PackageManager.NameNotFoundException)
05-24 01:53:53.261 21773 21773 W Finsky  : [2] STU: Failed to get storage stats for package 'com.google.android.art' (1601: Error getting stats: android.content.pm.PackageManager.NameNotFoundException)
05-24 01:53:53.547 27363 27381 I GED     : ged_boost_gpu_freq, level 100, eOrigin 2, final_idx 29, oppidx_max 29, oppidx_min 0
05-24 01:53:53.547 27363 27381 I GED     : ged_boost_gpu_freq, level 100, eOrigin 2, final_idx 29, oppidx_max 29, oppidx_min 0
05-24 01:53:54.611 21457 27161 E RoleControllerServiceImpl: Default/fallback role holder package doesn't qualify for the role, package: com.google.android.gms.supervision, role: android.app.role.SYSTEM_SUPERVISION, user: 0
05-24 01:53:54.794 21773 22018 E Finsky  : [125] [Counters] attempted to use a non-positive increment for: 4752
05-24 01:53:54.813 21773 22018 E Finsky  : [125] [Counters] attempted to use a non-positive increment for: 4753
05-24 01:53:55.346 21773 22009 E Finsky  : [122] [Counters] attempted to use a non-positive increment for: 4752
05-24 01:53:55.509 21773 22009 E Finsky  : [122] [Counters] attempted to use a non-positive increment for: 4752
05-24 01:53:55.541 21773 22009 E Finsky  : [122] [Counters] attempted to use a non-positive increment for: 4752
05-24 01:53:55.554 21773 22018 E Finsky  : [125] [Counters] attempted to use a non-positive increment for: 4753
05-24 01:53:56.943 21457 27161 E RoleControllerServiceImpl: Default/fallback role holder package doesn't qualify for the role, package: com.google.android.gms.supervision, role: android.app.role.SYSTEM_SUPERVISION, user: 0
05-24 01:54:12.741 14467 14585 E CrashFixLancet: androidx.room.RoomDatabase#beginTransaction
05-24 01:54:12.746 14467 14585 E CrashFixLancet: androidx.room.RoomDatabase#assertNotSuspendingTransaction
05-24 01:54:12.746 14467 14585 E CrashFixLancet: androidx.room.RoomDatabase#assertNotSuspendingTransaction
05-24 01:54:12.748 14467 14585 E CrashFixLancet: androidx.room.RoomDatabase#endTransaction
05-24 01:54:12.749 14467 14585 E CrashFixLancet: androidx.room.RoomDatabase#beginTransaction
05-24 01:54:12.749 14467 14585 E CrashFixLancet: androidx.room.RoomDatabase#assertNotSuspendingTransaction
05-24 01:54:12.750 14467 14585 E CrashFixLancet: androidx.room.RoomDatabase#assertNotSuspendingTransaction
05-24 01:54:12.751 14467 14585 E CrashFixLancet: androidx.room.RoomDatabase#assertNotSuspendingTransaction
05-24 01:54:12.751 14467 14585 E CrashFixLancet: androidx.room.RoomDatabase#assertNotSuspendingTransaction
05-24 01:54:12.752 14467 14585 E CrashFixLancet: androidx.room.RoomDatabase#endTransaction
05-24 01:54:12.753 14467 14769 E CrashFixLancet: androidx.room.RoomDatabase#query
05-24 01:54:12.753 14467 14769 E CrashFixLancet: androidx.room.RoomDatabase#assertNotSuspendingTransaction
05-24 01:54:17.049 27716 27719 E ion     : ioctl c0044901 failed with code -1: Invalid argument
