05-24 01:53:41.958  3354  5970 I NullBinder: NullBinder for android.net.action.RECOMMEND_NETWORKS triggering remote TransactionTooLargeException due to Service without Chimera impl, calling uid: 1000, calling pid: 0
05-24 01:53:41.977  3354  5970 W .gms.persistent: Large reply transaction of 4227072 bytes, interface descriptor , code 1
05-24 01:53:42.052 22449 22454 W chbox:googleapp: Reducing the number of considered missed Gc histogram windows from 128 to 100
05-24 01:53:42.423  3354 19609 I NearbySharing: Network state changed: NetworkState(isRestricted=false, isOnline=true, isCongested=false, isMetered=false, isWifiConnected=true)
05-24 01:53:42.626 21457  7262 I GED     : ged_boost_gpu_freq, level 100, eOrigin 2, final_idx 29, oppidx_max 29, oppidx_min 0
05-24 01:53:42.627 21457  7262 I GED     : ged_boost_gpu_freq, level 100, eOrigin 2, final_idx 29, oppidx_max 29, oppidx_min 0
05-24 01:53:42.671 21493 21716 W UnityAds: com.unity3d.services.core.connectivity.ConnectivityMonitor.connectionStatusChanged() (line:58) :: Unity Ads was not able to get current network type due to missing permission
05-24 01:53:42.919  3354 12437 I FontLog : (REDACTED) Received query %s, URI %s
05-24 01:53:42.919  3354 12437 I FontLog : (REDACTED) Query [%s] resolved to %s
05-24 01:53:42.933  3354 12437 I FontLog : (REDACTED) Fetch %s end status %s
05-24 01:53:42.948  3354 12437 I FontLog : (REDACTED) Pulling font file for id = %d, cache size = %d
05-24 01:53:42.967  3354 12437 I FontLog : (REDACTED) Pulling font file for id = %d, cache size = %d
05-24 01:53:43.947 17984 18502 I DGW     : I[notifyStreamGroupError:1890] StreamGroupTransport[rpsignaling] notify StreamGroup error: StreamGroupNetworkRequest request cancelled: max retries reached; last err (TransientError domain: MNSSecureTCP code: 1 detail: SecureTCP connection establish timeout)
05-24 01:53:43.948 17984 18502 I DGW     : I[onStreamGroupError:733] DGW: StreamGroup error: StreamGroupNetworkRequest request cancelled: max retries reached; last err (TransientError domain: MNSSecureTCP code: 1 detail: SecureTCP connection establish timeout)
05-24 01:53:43.948 17984 18502 I DGW     : I[clearStream:354] DGW: Clearing stream coordinators
05-24 01:53:43.948 17984 18502 I DGW     : I[closeStream:370] DGW: Closing stream: streamId=1, reason=StreamCoordinator destroyed
05-24 01:53:43.948 17984 18502 I DGW     : I[startNewStream:292] DGW: Starting new stream, traceId=224148215031145686671876797088_233
05-24 01:53:43.948 17984 18502 I DGW     : I[start:41] DGW: StreamGroup starting: traceId=224148215031145686671876797088_233, service=rpsignaling
05-24 01:53:43.948 17984 18502 W DGW     : W[setEnabled:191] StreamGroupPinger[rpsignaling]: setEnabled: 0
05-24 01:53:43.949 17984 18502 I DGW     : I[addStreamCoordinator:221] DGW: Adding stream coordinator for service: mws
05-24 01:53:43.949 17984 18502 I DGW     : I[establishStream:299] DGW: Establishing stream: streamId=1, service=mws
05-24 01:53:43.949 17984 18502 I DGW     : I[establishStream:100] DGW: StreamGroup establishing stream: service=mws, traceId=1
05-24 01:53:43.949 17984 18502 I DGW     : I[onConnecting:191] DGW: StreamGroup connecting: traceId=224148215031145686671876797088_233_1
05-24 01:53:44.420 27363 27363 I anlauncher.test: Late-enabling -Xcheck:jni
05-24 01:53:44.456 27363 27363 I anlauncher.test: Using CollectorTypeCC GC.
05-24 01:53:44.471 27363 27363 D nativeloader: Load libframework-connectivity-tiramisu-jni.so using APEX ns com_android_tethering for caller /apex/com.android.tethering/javalib/framework-connectivity-t.jar: ok
05-24 01:53:44.497 27363 27363 E VivoConfigStore: key:vivo.software.multilandscape isCached is false and normal value is false
05-24 01:53:44.501 27363 27363 E VivoConfigStore: key:vivo.software.splitrecents isCached is false and normal value is false
05-24 01:53:44.503 27363 27363 E VivoConfigStore: key:vivo.software.splitratio isCached is false and normal value is false
05-24 01:53:44.507 27363 27363 E VivoConfigStore: key:vivo.software.multiwindowresidentbar isCached is false and normal value is false
05-24 01:53:44.510 27363 27363 E VivoConfigStore: key:vivo.software.hovermode isCached is false and normal value is false
05-24 01:53:44.555 27363 27374 V ActivityThread: updateVmProcessStateForGc sceneId =1 state=196864
05-24 01:53:44.583 27363 27363 D CompatibilityChangeReporter: Compat change id reported: 171979766; UID 10473; state: ENABLED
05-24 01:53:44.610 27363 27363 D ApplicationLoaders: Returning zygote-cached class loader: /system/framework/android.test.base.jar
05-24 01:53:44.619 27363 27363 D nativeloader: Configuring clns-4 for other apk /system/framework/android.test.mock.jar. target_sdk_version=34, uses_libraries=ALL, library_path=/data/app/~~lXN_6cXqvlaaQNKtZSwPOw==/com.easyui.guardianlauncher.test-QEISXXt84NNclsZtIwesYA==/lib/arm64, permitted_path=/data:/mnt/expand:/data/user/0/com.easyui.guardianlauncher.test
05-24 01:53:44.619 27363 27363 D nativeloader: Extending system_exposed_libraries: libteeservice_client.trustonic.so:libapuwareapusys.mtk.so:libapuwareapusys_v2.mtk.so:libapuwarexrp.mtk.so:libapuwarexrp_v2.mtk.so:libapuwareutils.mtk.so:libapuwareutils_v2.mtk.so:libapuwarehmp.mtk.so:libmcv_runtime_usdk.mtk.so:libneuron_graph_delegate.mtk.so:libneuronusdk_adapter.mtk.so:libtflite_mtk.mtk.so:libarmnn_ndk.mtk.so:libcmdl_ndk.mtk.so:libnir_neon_driver_ndk.mtk.so:libmvpu_runtime.mtk.so:libmvpu_runtime_pub.mtk.so:libmvpu_engine_pub.mtk.so:libmvpu_pattern_pub.mtk.so:libmvpuop_mtk_cv.mtk.so:libmvpuop_mtk_nn.mtk.so
05-24 01:53:44.621 27363 27363 D ApplicationLoaders: Returning zygote-cached class loader: /system/framework/android.test.base.jar
05-24 01:53:44.631 27363 27363 D nativeloader: Configuring clns-5 for other apk /system/framework/android.test.runner.jar. target_sdk_version=34, uses_libraries=ALL, library_path=/data/app/~~lXN_6cXqvlaaQNKtZSwPOw==/com.easyui.guardianlauncher.test-QEISXXt84NNclsZtIwesYA==/lib/arm64, permitted_path=/data:/mnt/expand:/data/user/0/com.easyui.guardianlauncher.test
05-24 01:53:44.631 27363 27363 D nativeloader: Extending system_exposed_libraries: libteeservice_client.trustonic.so:libapuwareapusys.mtk.so:libapuwareapusys_v2.mtk.so:libapuwarexrp.mtk.so:libapuwarexrp_v2.mtk.so:libapuwareutils.mtk.so:libapuwareutils_v2.mtk.so:libapuwarehmp.mtk.so:libmcv_runtime_usdk.mtk.so:libneuron_graph_delegate.mtk.so:libneuronusdk_adapter.mtk.so:libtflite_mtk.mtk.so:libarmnn_ndk.mtk.so:libcmdl_ndk.mtk.so:libnir_neon_driver_ndk.mtk.so:libmvpu_runtime.mtk.so:libmvpu_runtime_pub.mtk.so:libmvpu_engine_pub.mtk.so:libmvpu_pattern_pub.mtk.so:libmvpuop_mtk_cv.mtk.so:libmvpuop_mtk_nn.mtk.so
05-24 01:53:44.696 27363 27363 D nativeloader: Configuring clns-6 for other apk /data/app/~~lXN_6cXqvlaaQNKtZSwPOw==/com.easyui.guardianlauncher.test-QEISXXt84NNclsZtIwesYA==/base.apk. target_sdk_version=34, uses_libraries=, library_path=/data/app/~~lXN_6cXqvlaaQNKtZSwPOw==/com.easyui.guardianlauncher.test-QEISXXt84NNclsZtIwesYA==/lib/arm64, permitted_path=/data:/mnt/expand:/data/user/0/com.easyui.guardianlauncher.test
05-24 01:53:44.706 27363 27363 D nativeloader: Load libframework-connectivity-jni.so using APEX ns com_android_tethering for caller /apex/com.android.tethering/javalib/framework-connectivity.jar: ok
05-24 01:53:44.712 27363 27363 V GraphicsEnvironment: ANGLE Developer option for 'com.easyui.guardianlauncher.test' set to: 'default'
05-24 01:53:44.713 27363 27363 V GraphicsEnvironment: ANGLE GameManagerService for com.easyui.guardianlauncher.test: false
05-24 01:53:44.713 27363 27363 V GraphicsEnvironment: Neither updatable production driver nor prerelease driver is supported.
05-24 01:53:44.724 27363 27363 D NetworkSecurityConfig: No Network Security Config specified, using platform default
05-24 01:53:44.727 27363 27363 D NetworkSecurityConfig: No Network Security Config specified, using platform default
05-24 01:53:44.790 23560 23599 I gle.android.gms: Explicit concurrent copying GC freed 3209KB AllocSpace bytes, 9(372KB) LOS objects, 49% free, 10MB/21MB, paused 115us,72us total 163.167ms
05-24 01:53:44.804 27363 27363 E VivoConfigStore: key:vivo.software.multiwindow isCached is false and normal value is true
05-24 01:53:44.806 27363 27363 E VivoConfigStore: key:vivo.software.freeform isCached is false and normal value is true
05-24 01:53:44.857 27363 27363 I MSYNC3-VariableRefreshRate: Variable refreshrate is disabled
05-24 01:53:44.866 27363 27385 D nativeloader: Load libpowerhalwrap_jni.so using system ns (caller=/system/framework/mediatek-framework.jar): ok
05-24 01:53:44.867 27363 27385 I PowerHalWrapper: PowerHalWrapper.getInstance 
05-24 01:53:44.869 27363 27363 E VivoConfigStore: key:vivo.software.nightmode isCached is false and normal value is true
05-24 01:53:44.876 27363 27363 W libc    : Access denied finding property "ro.vendor.perf.scroll_opt.heavy_app"
05-24 01:53:44.971 22460 23030 D WM-WorkConstraintsTrack: NetworkRequestConstraintController onCapabilitiesChanged callback
05-24 01:53:44.983 27363 27363 D BufferQueueConsumer: [](id:6ae300000000,api:0,p:-1,c:27363) connect: controlledByApp=false
05-24 01:53:44.991 27363 27363 E FBI     : Can't load library: dlopen failed: library "libmagtsync.so" not found
05-24 01:53:45.021  3354 11779 I NullBinder: NullBinder for android.net.action.RECOMMEND_NETWORKS triggering remote TransactionTooLargeException due to Service without Chimera impl, calling uid: 1000, calling pid: 0
05-24 01:53:45.021  3354 11779 W .gms.persistent: Large reply transaction of 4227072 bytes, interface descriptor , code 1
05-24 01:53:45.029 27363 27381 E OpenGLRenderer: Device claims wide gamut support, cannot find matching config, error = EGL_SUCCESS
05-24 01:53:45.029 27363 27381 W OpenGLRenderer: Failed to initialize 101010-2 format, error = EGL_SUCCESS
05-24 01:53:45.033 27363 27381 D skia    : GrGLMakeAssembledInterface verStr OpenGL ES 3.2 v1.r26p0-01eac0.455662e55e7c7fb95a4b1db7e7af49a8
05-24 01:53:45.033 27363 27381 D skia    : GrGLMakeAssembledGLESInterface verStr OpenGL ES 3.2 v1.r26p0-01eac0.455662e55e7c7fb95a4b1db7e7af49a8
05-24 01:53:45.034 27363 27381 D skia    : extensions init verString=OpenGL ES 3.2 v1.r26p0-01eac0.455662e55e7c7fb95a4b1db7e7af49a8
05-24 01:53:45.058 27363 27403 E ion     : ioctl c0044901 failed with code -1: Invalid argument
05-24 01:53:45.060 27363 27381 D hw-ProcessState: Binder ioctl to enable oneway spam detection failed: Invalid argument
05-24 01:53:45.112 27363 27381 D BLASTBufferQueue: [VRI[InstrumentationActivityInvoker$EmptyActivity]#0](f:0,a:1) acquireNextBufferLocked size=1080x2408 mFrameNumber=1 applyTransaction=true mTimestamp=40556544389185(auto) mPendingTransactions.size=0 graphicBufferId=117523190120448 transform=0
05-24 01:53:45.115 27363 27381 W Parcel  : Expecting binder but got null!
05-24 01:53:45.162 27363 27374 V ActivityThread: updateVmProcessStateForGc sceneId =1 state=196608
05-24 01:53:45.190  1660  1697 I ActivityTaskManager: Displayed com.easyui.guardianlauncher.test/androidx.test.core.app.InstrumentationActivityInvoker$EmptyActivity: +870ms
05-24 01:53:45.265 27363 27363 V ImeFocusController: onWindowFocus: DecorView@1d969ba[InstrumentationActivityInvoker$EmptyActivity] softInputMode=STATE_UNSPECIFIED|ADJUST_PAN|IS_FORWARD_NAVIGATION
05-24 01:53:45.265 27363 27363 V ImeFocusController: Restarting due to isRestartOnNextWindowFocus as true
05-24 01:53:45.269 27363 27363 D ImeFocusController: onViewFocusChanged, view=DecorView@1d969ba[InstrumentationActivityInvoker$EmptyActivity], mServedView=null
05-24 01:53:45.270 27363 27363 V ImeFocusController: checkFocus: view=null next=DecorView@1d969ba[InstrumentationActivityInvoker$EmptyActivity] immDelegate=delegate{b5d2874 displayId=0} force=true package=<none>
05-24 01:53:45.428 27363 27381 I GED     : ged_boost_gpu_freq, level 100, eOrigin 2, final_idx 29, oppidx_max 29, oppidx_min 0
05-24 01:53:45.451 21493 21716 W UnityAds: com.unity3d.services.core.connectivity.ConnectivityMonitor.connectionStatusChanged() (line:58) :: Unity Ads was not able to get current network type due to missing permission
05-24 01:53:45.476  3354 19609 I NearbySharing: Network state changed: NetworkState(isRestricted=false, isOnline=true, isCongested=false, isMetered=false, isWifiConnected=true)
05-24 01:53:45.503  1660  1697 I ActivityTaskManager: Displayed com.easyui.guardianlauncher/androidx.activity.ComponentActivity: +382ms
05-24 01:53:45.541  4371  4371 W g0      : onStartInput event aborted
05-24 01:53:45.541  4371  4371 W g0      : ic0.d0: could not obtain extracted text
05-24 01:53:45.541  4371  4371 W g0      : 	at ic0.x0.H(Unknown Source:329)
05-24 01:53:45.541  4371  4371 W g0      : 	at o70.b0.h(Unknown Source:283)
05-24 01:53:45.541  4371  4371 W g0      : 	at o70.j3.h(Unknown Source:4)
05-24 01:53:45.541  4371  4371 W g0      : 	at com.touchtype.KeyboardService.onStartInput(Unknown Source:11)
05-24 01:53:45.541  4371  4371 W g0      : 	at android.inputmethodservice.InputMethodService.doStartInput(InputMethodService.java:2902)
05-24 01:53:45.541  4371  4371 W g0      : 	at android.inputmethodservice.InputMethodService$InputMethodImpl.startInput(InputMethodService.java:809)
05-24 01:53:45.541  4371  4371 W g0      : 	at android.inputmethodservice.InputMethodService$InputMethodImpl.dispatchStartInputWithToken(InputMethodService.java:840)
05-24 01:53:45.541  4371  4371 W g0      : 	at android.inputmethodservice.IInputMethodWrapper.executeMessage(IInputMethodWrapper.java:213)
05-24 01:53:45.541  4371  4371 W g0      : 	at com.android.internal.os.HandlerCaller$MyHandler.handleMessage(HandlerCaller.java:44)
05-24 01:53:45.541  4371  4371 W g0      : 	at android.os.Handler.dispatchMessage(Handler.java:106)
05-24 01:53:45.541  4371  4371 W g0      : 	at android.os.Looper.loopOnce(Looper.java:223)
05-24 01:53:45.541  4371  4371 W g0      : 	at android.os.Looper.loop(Looper.java:324)
05-24 01:53:45.541  4371  4371 W g0      : 	at android.app.ActivityThread.main(ActivityThread.java:8547)
05-24 01:53:45.541  4371  4371 W g0      : 	at java.lang.reflect.Method.invoke(Native Method)
05-24 01:53:45.541  4371  4371 W g0      : 	at com.android.internal.os.RuntimeInit$MethodAndArgsCaller.run(RuntimeInit.java:582)
05-24 01:53:45.541  4371  4371 W g0      : 	at com.android.internal.os.ZygoteInit.main(ZygoteInit.java:1061)
05-24 01:53:45.964 27363 27363 D BLASTBufferQueue: [VRI[InstrumentationActivityInvoker$EmptyActivity]#0](f:0,a:0) destructor()
05-24 01:53:45.964 27363 27363 D BufferQueueConsumer: [VRI[InstrumentationActivityInvoker$EmptyActivity]#0(BLAST Consumer)0](id:6ae300000000,api:0,p:-1,c:27363) disconnect
05-24 01:53:46.442 27363 27363 D BufferQueueConsumer: [](id:6ae300000001,api:0,p:-1,c:27363) connect: controlledByApp=false
05-24 01:53:46.477 27363 27381 D BLASTBufferQueue: [VRI[InstrumentationActivityInvoker$EmptyActivity]#1](f:0,a:1) acquireNextBufferLocked size=1080x2408 mFrameNumber=1 applyTransaction=true mTimestamp=40557909141723(auto) mPendingTransactions.size=0 graphicBufferId=117523190120455 transform=0
05-24 01:53:46.479 27363 27381 W Parcel  : Expecting binder but got null!
05-24 01:53:46.496  1660  1697 I ActivityTaskManager: Displayed com.easyui.guardianlauncher.test/androidx.test.core.app.InstrumentationActivityInvoker$EmptyActivity: +314ms
05-24 01:53:46.659 27363 27381 I GED     : ged_boost_gpu_freq, level 100, eOrigin 2, final_idx 29, oppidx_max 29, oppidx_min 0
05-24 01:53:46.776  1660  1697 I ActivityTaskManager: Displayed com.easyui.guardianlauncher/androidx.activity.ComponentActivity: +226ms
05-24 01:53:46.819  4371  4371 W g0      : onStartInput event aborted
05-24 01:53:46.819  4371  4371 W g0      : ic0.d0: could not obtain extracted text
05-24 01:53:46.819  4371  4371 W g0      : 	at ic0.x0.H(Unknown Source:329)
05-24 01:53:46.819  4371  4371 W g0      : 	at o70.b0.h(Unknown Source:283)
05-24 01:53:46.819  4371  4371 W g0      : 	at o70.j3.h(Unknown Source:4)
05-24 01:53:46.819  4371  4371 W g0      : 	at com.touchtype.KeyboardService.onStartInput(Unknown Source:11)
05-24 01:53:46.819  4371  4371 W g0      : 	at android.inputmethodservice.InputMethodService.doStartInput(InputMethodService.java:2902)
05-24 01:53:46.819  4371  4371 W g0      : 	at android.inputmethodservice.InputMethodService$InputMethodImpl.startInput(InputMethodService.java:809)
05-24 01:53:46.819  4371  4371 W g0      : 	at android.inputmethodservice.InputMethodService$InputMethodImpl.dispatchStartInputWithToken(InputMethodService.java:840)
05-24 01:53:46.819  4371  4371 W g0      : 	at android.inputmethodservice.IInputMethodWrapper.executeMessage(IInputMethodWrapper.java:213)
05-24 01:53:46.819  4371  4371 W g0      : 	at com.android.internal.os.HandlerCaller$MyHandler.handleMessage(HandlerCaller.java:44)
05-24 01:53:46.819  4371  4371 W g0      : 	at android.os.Handler.dispatchMessage(Handler.java:106)
05-24 01:53:46.819  4371  4371 W g0      : 	at android.os.Looper.loopOnce(Looper.java:223)
05-24 01:53:46.819  4371  4371 W g0      : 	at android.os.Looper.loop(Looper.java:324)
05-24 01:53:46.819  4371  4371 W g0      : 	at android.app.ActivityThread.main(ActivityThread.java:8547)
05-24 01:53:46.819  4371  4371 W g0      : 	at java.lang.reflect.Method.invoke(Native Method)
05-24 01:53:46.819  4371  4371 W g0      : 	at com.android.internal.os.RuntimeInit$MethodAndArgsCaller.run(RuntimeInit.java:582)
05-24 01:53:46.819  4371  4371 W g0      : 	at com.android.internal.os.ZygoteInit.main(ZygoteInit.java:1061)
05-24 01:53:46.925  3354 25578 I NetworkScheduler.Stats: (REDACTED) Task %s/%s started execution. cause:%s exec_start_elapsed_seconds: %s
05-24 01:53:46.939 23560 27134 I PlayGamesServices[GamesSyncAdapter]: Starting sync for 5eec3ec6
05-24 01:53:46.949 23560 27134 I PlayGamesServices[GamesSyncAdapter]: Sync duration for 5eec3ec6: 4
05-24 01:53:46.990  3354 27075 I NetworkScheduler.Stats: (REDACTED) Task %s/%s started execution. cause:%s exec_start_elapsed_seconds: %s
05-24 01:53:47.000 23560 23599 I PlayGamesServices[GamesSyncAdapter]: Starting sync for ce13e262
05-24 01:53:47.009 23560 27134 W PlayGamesServices[DataBroker]: No player ID found when refreshing
05-24 01:53:47.011 23560 23599 I PlayGamesServices[GamesSyncAdapter]: Sync duration for ce13e262: 5
05-24 01:53:47.042 23560 23599 W PlayGamesServices[DataBroker]: No player ID found when refreshing
05-24 01:53:47.085 23560 27134 W PlayGamesServices[DataBroker]: No player ID found when refreshing
05-24 01:53:47.088 23560 27134 W PlayGamesServices[DataBroker]: No player ID found when refreshing
05-24 01:53:47.090 23560 27134 W PlayGamesServices[DataBroker]: No player ID found when refreshing
05-24 01:53:47.092 23560 27134 W PlayGamesServices[DataBroker]: No player ID found when refreshing
05-24 01:53:47.095 23560 27134 W PlayGamesServices[DataBroker]: No player ID found when refreshing
05-24 01:53:47.096 23560 27134 W PlayGamesServices[DataBroker]: No player ID found when refreshing
05-24 01:53:47.109 23560 23599 W PlayGamesServices[DataBroker]: No player ID found when refreshing
05-24 01:53:47.113 23560 23599 W PlayGamesServices[DataBroker]: No player ID found when refreshing
05-24 01:53:47.114  3354 24814 I NetworkScheduler.Stats: (REDACTED) Task %s/%s finished executing. cause:%s result: %s elapsed_millis: %s uptime_millis: %s exec_start_elapsed_seconds: %s
05-24 01:53:47.120 23560 23599 W PlayGamesServices[DataBroker]: No player ID found when refreshing
05-24 01:53:47.128 23560 23599 W PlayGamesServices[DataBroker]: No player ID found when refreshing
05-24 01:53:47.135 23560 23599 W PlayGamesServices[DataBroker]: No player ID found when refreshing
05-24 01:53:47.136 23560 23599 W PlayGamesServices[DataBroker]: No player ID found when refreshing
05-24 01:53:47.167 23560 25576 I GetServiceValidatorImpl: (REDACTED) onGetService() from Client SDK version [%s], Module version [%s], PGA version [%s], Account [%s], Calling package [%s], Game package [%s]
05-24 01:53:47.168 27363 27369 I anlauncher.test: Compiler allocated 5508KB to compile void android.view.ViewRootImpl.performTraversals()
05-24 01:53:47.170 23560 25576 I GetGamesServiceReqFacto: (REDACTED) Parsing request with ignored arguments. signInOptionsBundle [%s], isRetryingSignIn [%s], skipWelcomePopup [%s], requireGooglePlus [%s]
05-24 01:53:47.171 23560 25576 I GetGamesServiceReqFacto: Replacing request for `games` scope with `games_lite`
05-24 01:53:47.200 23560 27456 I SignInPerformer-1: (REDACTED) Handling request [%s], isFirstPartyCaller [%s]
05-24 01:53:47.203 23560 27456 I SignInPerformer-1: Successfully brokered first-party unauthenticated GamesService [CONTEXT service_id=1 ]
05-24 01:53:47.211 23560 27456 I GetGamesServiceV2Op: (REDACTED) Successfully brokered GamesService for request %s
05-24 01:53:47.223  3354 25578 I NetworkScheduler.Stats: (REDACTED) Task %s/%s started execution. cause:%s exec_start_elapsed_seconds: %s
05-24 01:53:47.233  3354 25578 I NetworkScheduler.Stats: (REDACTED) Task %s/%s finished executing. cause:%s result: %s elapsed_millis: %s uptime_millis: %s exec_start_elapsed_seconds: %s
05-24 01:53:47.247 23560 27134 I PlayGamesServices[GamesSyncAdapter]: Starting sync for c45dc983
05-24 01:53:47.252 23560 27134 I PlayGamesServices[GamesSyncAdapter]: Sync duration for c45dc983: 4
05-24 01:53:47.258 21788 21788 I flutter : RecordingManagerPage: 开始刷新录音列表
05-24 01:53:47.263 21788 21788 I flutter : Android录音目录: /storage/emulated/0/Android/data/com.lensmoo.app/files/media/no_storage_audio
05-24 01:53:47.263 21788 21788 I flutter : === 录音目录调试信息 ===
05-24 01:53:47.263 21788 21788 I flutter : 当前平台: android
05-24 01:53:47.263 21788 21788 I flutter : 录音目录路径: /storage/emulated/0/Android/data/com.lensmoo.app/files/media/no_storage_audio
05-24 01:53:47.263 21788 21788 I flutter : 目录是否存在: true
05-24 01:53:47.264 21788 21788 I flutter : === 调试信息结束 ===
05-24 01:53:47.268 21788 21788 I flutter : Android录音目录: /storage/emulated/0/Android/data/com.lensmoo.app/files/media/no_storage_audio
05-24 01:53:47.268 21788 21788 I flutter : 录音文件目录: /storage/emulated/0/Android/data/com.lensmoo.app/files/media/no_storage_audio
05-24 01:53:47.268 21788 21788 I flutter : 加载了 0 个录音文件
05-24 01:53:47.304 23560 27134 W PlayGamesServices[DataBroker]: No player ID found when refreshing
05-24 01:53:47.340 27363 27363 D BLASTBufferQueue: [VRI[InstrumentationActivityInvoker$EmptyActivity]#1](f:0,a:0) destructor()
05-24 01:53:47.341 27363 27363 D BufferQueueConsumer: [VRI[InstrumentationActivityInvoker$EmptyActivity]#1(BLAST Consumer)1](id:6ae300000001,api:0,p:-1,c:27363) disconnect
05-24 01:53:47.347  3354 24814 I NetworkScheduler.Stats: (REDACTED) Task %s/%s started execution. cause:%s exec_start_elapsed_seconds: %s
05-24 01:53:47.363 23560 23599 I PlayGamesServices[GamesSyncAdapter]: Starting sync for 3306dd37
05-24 01:53:47.376 23560 23599 I PlayGamesServices[GamesSyncAdapter]: Sync duration for 3306dd37: 10
05-24 01:53:47.405 23560 23599 W PlayGamesServices[DataBroker]: No player ID found when refreshing
05-24 01:53:47.448 23560 27134 W PlayGamesServices[DataBroker]: No player ID found when refreshing
05-24 01:53:47.454 23560 27134 W PlayGamesServices[DataBroker]: No player ID found when refreshing
05-24 01:53:47.464 23560 27134 W PlayGamesServices[DataBroker]: No player ID found when refreshing
05-24 01:53:47.475 23560 27134 W PlayGamesServices[DataBroker]: No player ID found when refreshing
05-24 01:53:47.479 23560 27134 W PlayGamesServices[DataBroker]: No player ID found when refreshing
05-24 01:53:47.480 23560 27134 W PlayGamesServices[DataBroker]: No player ID found when refreshing
05-24 01:53:47.491  3354 27459 I NetworkScheduler.Stats: (REDACTED) Task %s/%s finished executing. cause:%s result: %s elapsed_millis: %s uptime_millis: %s exec_start_elapsed_seconds: %s
05-24 01:53:47.493 23560 23599 W PlayGamesServices[DataBroker]: No player ID found when refreshing
05-24 01:53:47.496 23560 23599 W PlayGamesServices[DataBroker]: No player ID found when refreshing
05-24 01:53:47.498 23560 23599 W PlayGamesServices[DataBroker]: No player ID found when refreshing
05-24 01:53:47.501 23560 23599 W PlayGamesServices[DataBroker]: No player ID found when refreshing
05-24 01:53:47.503 23560 23599 W PlayGamesServices[DataBroker]: No player ID found when refreshing
05-24 01:53:47.504 23560 23599 W PlayGamesServices[DataBroker]: No player ID found when refreshing
05-24 01:53:47.595  3354 27460 I NetworkScheduler.Stats: (REDACTED) Task %s/%s started execution. cause:%s exec_start_elapsed_seconds: %s
05-24 01:53:47.606 23560 27134 I PlayGamesServices[GamesSyncAdapter]: Starting sync for 3e8499ce
05-24 01:53:47.607  3354 27460 I NetworkScheduler.Stats: (REDACTED) Task %s/%s finished executing. cause:%s result: %s elapsed_millis: %s uptime_millis: %s exec_start_elapsed_seconds: %s
05-24 01:53:47.619 23560 27134 I PlayGamesServices[GamesSyncAdapter]: Sync duration for 3e8499ce: 11
05-24 01:53:47.643 23560 27134 W PlayGamesServices[DataBroker]: No player ID found when refreshing
05-24 01:53:47.683  3354 27460 I NetworkScheduler.Stats: (REDACTED) Task %s/%s started execution. cause:%s exec_start_elapsed_seconds: %s
05-24 01:53:47.687 23560 23599 I PlayGamesServices[GamesSyncAdapter]: Starting sync for ec934608
05-24 01:53:47.691 23560 23599 I PlayGamesServices[GamesSyncAdapter]: Sync duration for ec934608: 3
05-24 01:53:47.704 23560 27134 W PlayGamesServices[DataBroker]: No player ID found when refreshing
05-24 01:53:47.711 23560 27134 W PlayGamesServices[DataBroker]: No player ID found when refreshing
05-24 01:53:47.712 23560 27134 W PlayGamesServices[DataBroker]: No player ID found when refreshing
05-24 01:53:47.713 23560 23599 W PlayGamesServices[DataBroker]: No player ID found when refreshing
05-24 01:53:47.714 23560 27134 W PlayGamesServices[DataBroker]: No player ID found when refreshing
05-24 01:53:47.716 23560 27134 W PlayGamesServices[DataBroker]: No player ID found when refreshing
05-24 01:53:47.719 23560 27134 W PlayGamesServices[DataBroker]: No player ID found when refreshing
05-24 01:53:47.731  3354 27459 I NetworkScheduler.Stats: (REDACTED) Task %s/%s finished executing. cause:%s result: %s elapsed_millis: %s uptime_millis: %s exec_start_elapsed_seconds: %s
05-24 01:53:47.755 23560 23599 W PlayGamesServices[DataBroker]: No player ID found when refreshing
05-24 01:53:47.756 23560 23599 W PlayGamesServices[DataBroker]: No player ID found when refreshing
05-24 01:53:47.758 23560 23599 W PlayGamesServices[DataBroker]: No player ID found when refreshing
05-24 01:53:47.759 23560 23599 W PlayGamesServices[DataBroker]: No player ID found when refreshing
05-24 01:53:47.761 23560 23599 W PlayGamesServices[DataBroker]: No player ID found when refreshing
05-24 01:53:47.762 23560 23599 W PlayGamesServices[DataBroker]: No player ID found when refreshing
05-24 01:53:47.801  3354 24814 I NetworkScheduler.Stats: (REDACTED) Task %s/%s started execution. cause:%s exec_start_elapsed_seconds: %s
05-24 01:53:47.810 23560 27134 I PlayGamesServices[GamesSyncAdapter]: Starting sync for 55a50f3c
05-24 01:53:47.817 23560 27134 I PlayGamesServices[GamesSyncAdapter]: Sync duration for 55a50f3c: 5
05-24 01:53:47.821  3354 27460 I NetworkScheduler.Stats: (REDACTED) Task %s/%s finished executing. cause:%s result: %s elapsed_millis: %s uptime_millis: %s exec_start_elapsed_seconds: %s
05-24 01:53:47.846 23560 27134 W PlayGamesServices[DataBroker]: No player ID found when refreshing
05-24 01:53:47.905 23560 27134 W PlayGamesServices[DataBroker]: No player ID found when refreshing
05-24 01:53:47.908 23560 27134 W PlayGamesServices[DataBroker]: No player ID found when refreshing
05-24 01:53:47.910 23560 27134 W PlayGamesServices[DataBroker]: No player ID found when refreshing
05-24 01:53:47.912 23560 27134 W PlayGamesServices[DataBroker]: No player ID found when refreshing
05-24 01:53:47.914 23560 27134 W PlayGamesServices[DataBroker]: No player ID found when refreshing
05-24 01:53:47.916 23560 27134 W PlayGamesServices[DataBroker]: No player ID found when refreshing
05-24 01:53:47.916  3354 24814 I NetworkScheduler.Stats: (REDACTED) Task %s/%s started execution. cause:%s exec_start_elapsed_seconds: %s
05-24 01:53:47.926 23560 23599 I PlayGamesServices[GamesSyncAdapter]: Starting sync for 3c67e224
05-24 01:53:47.929  3354 24814 I NetworkScheduler.Stats: (REDACTED) Task %s/%s finished executing. cause:%s result: %s elapsed_millis: %s uptime_millis: %s exec_start_elapsed_seconds: %s
05-24 01:53:47.939 23560 23599 I PlayGamesServices[GamesSyncAdapter]: Sync duration for 3c67e224: 12
05-24 01:53:47.955 23560 23599 W PlayGamesServices[DataBroker]: No player ID found when refreshing
05-24 01:53:48.007 23560 23599 W PlayGamesServices[DataBroker]: No player ID found when refreshing
05-24 01:53:48.009 23560 23599 W PlayGamesServices[DataBroker]: No player ID found when refreshing
05-24 01:53:48.010 23560 23599 W PlayGamesServices[DataBroker]: No player ID found when refreshing
05-24 01:53:48.012 23560 23599 W PlayGamesServices[DataBroker]: No player ID found when refreshing
05-24 01:53:48.013 23560 23599 W PlayGamesServices[DataBroker]: No player ID found when refreshing
05-24 01:53:48.014 23560 23599 W PlayGamesServices[DataBroker]: No player ID found when refreshing
05-24 01:53:48.059  3354 24814 I NetworkScheduler.Stats: (REDACTED) Task %s/%s started execution. cause:%s exec_start_elapsed_seconds: %s
05-24 01:53:48.069 23560 27134 I PlayGamesServices[GamesSyncAdapter]: Starting sync for 797125ac
05-24 01:53:48.070  3354 25578 I NetworkScheduler.Stats: (REDACTED) Task %s/%s finished executing. cause:%s result: %s elapsed_millis: %s uptime_millis: %s exec_start_elapsed_seconds: %s
05-24 01:53:48.073 23560 27134 I PlayGamesServices[GamesSyncAdapter]: Sync duration for 797125ac: 2
05-24 01:53:48.102 23560 27134 W PlayGamesServices[DataBroker]: No player ID found when refreshing
05-24 01:53:48.178 23560 27134 W PlayGamesServices[DataBroker]: No player ID found when refreshing
05-24 01:53:48.179 23560 23599 I PlayGamesServices[GamesSyncAdapter]: Starting sync for 8f51ad08
05-24 01:53:48.180  3354 25578 I NetworkScheduler.Stats: (REDACTED) Task %s/%s started execution. cause:%s exec_start_elapsed_seconds: %s
05-24 01:53:48.183 23560 27134 W PlayGamesServices[DataBroker]: No player ID found when refreshing
05-24 01:53:48.184 23560 23599 I PlayGamesServices[GamesSyncAdapter]: Sync duration for 8f51ad08: 3
05-24 01:53:48.184 23560 27134 W PlayGamesServices[DataBroker]: No player ID found when refreshing
05-24 01:53:48.189 23560 27134 W PlayGamesServices[DataBroker]: No player ID found when refreshing
05-24 01:53:48.191 23560 27134 W PlayGamesServices[DataBroker]: No player ID found when refreshing
05-24 01:53:48.194 23560 27134 W PlayGamesServices[DataBroker]: No player ID found when refreshing
05-24 01:53:48.204  3354 25578 I NetworkScheduler.Stats: (REDACTED) Task %s/%s finished executing. cause:%s result: %s elapsed_millis: %s uptime_millis: %s exec_start_elapsed_seconds: %s
05-24 01:53:48.211 23560 23599 W PlayGamesServices[DataBroker]: No player ID found when refreshing
05-24 01:53:48.267 23560 23599 W PlayGamesServices[DataBroker]: No player ID found when refreshing
05-24 01:53:48.269 23560 23599 W PlayGamesServices[DataBroker]: No player ID found when refreshing
05-24 01:53:48.271 23560 23599 W PlayGamesServices[DataBroker]: No player ID found when refreshing
05-24 01:53:48.274 23560 23599 W PlayGamesServices[DataBroker]: No player ID found when refreshing
05-24 01:53:48.276 23560 23599 W PlayGamesServices[DataBroker]: No player ID found when refreshing
05-24 01:53:48.279 23560 23599 W PlayGamesServices[DataBroker]: No player ID found when refreshing
05-24 01:53:48.287 10527 10572 I ekqi    : (REDACTED) HDM. appOpsListener %s %s
05-24 01:53:48.287 10527 10572 I ekqi    : (REDACTED) HDM. Ignoring irrelevant audio permission changes for package %s
05-24 01:53:48.326 27363 27381 I GED     : ged_boost_gpu_freq, level 100, eOrigin 2, final_idx 29, oppidx_max 29, oppidx_min 0
05-24 01:53:48.327 27363 27381 I GED     : ged_boost_gpu_freq, level 100, eOrigin 2, final_idx 29, oppidx_max 29, oppidx_min 0
05-24 01:53:48.327  3354 25578 I NetworkScheduler.Stats: (REDACTED) Task %s/%s started execution. cause:%s exec_start_elapsed_seconds: %s
05-24 01:53:48.332  3354 25578 I NetworkScheduler.Stats: (REDACTED) Task %s/%s finished executing. cause:%s result: %s elapsed_millis: %s uptime_millis: %s exec_start_elapsed_seconds: %s
05-24 01:53:48.333 23560 27134 I PlayGamesServices[GamesSyncAdapter]: Starting sync for 74befcf1
05-24 01:53:48.342 23560 27134 I PlayGamesServices[GamesSyncAdapter]: Sync duration for 74befcf1: 4
05-24 01:53:48.370 23560 27134 W PlayGamesServices[DataBroker]: No player ID found when refreshing
05-24 01:53:48.400 21788 21788 I flutter : RecordingManagerPage: 开始刷新录音列表
05-24 01:53:48.405 21788 21788 I flutter : Android录音目录: /storage/emulated/0/Android/data/com.lensmoo.app/files/media/no_storage_audio
05-24 01:53:48.405 21788 21788 I flutter : === 录音目录调试信息 ===
05-24 01:53:48.405 21788 21788 I flutter : 当前平台: android
05-24 01:53:48.405 21788 21788 I flutter : 录音目录路径: /storage/emulated/0/Android/data/com.lensmoo.app/files/media/no_storage_audio
05-24 01:53:48.405 21788 21788 I flutter : 目录是否存在: true
05-24 01:53:48.406 21788 21788 I flutter : === 调试信息结束 ===
05-24 01:53:48.409 21788 21788 I flutter : Android录音目录: /storage/emulated/0/Android/data/com.lensmoo.app/files/media/no_storage_audio
05-24 01:53:48.409 21788 21788 I flutter : 录音文件目录: /storage/emulated/0/Android/data/com.lensmoo.app/files/media/no_storage_audio
05-24 01:53:48.410 21788 21788 I flutter : 加载了 0 个录音文件
05-24 01:53:48.435 23560 27134 W PlayGamesServices[DataBroker]: No player ID found when refreshing
05-24 01:53:48.437 23560 27134 W PlayGamesServices[DataBroker]: No player ID found when refreshing
05-24 01:53:48.438 23560 27134 W PlayGamesServices[DataBroker]: No player ID found when refreshing
05-24 01:53:48.442 23560 27134 W PlayGamesServices[DataBroker]: No player ID found when refreshing
05-24 01:53:48.443 23560 27134 W PlayGamesServices[DataBroker]: No player ID found when refreshing
05-24 01:53:48.445 23560 27134 W PlayGamesServices[DataBroker]: No player ID found when refreshing
05-24 01:53:48.457  3354 27460 I NetworkScheduler.Stats: (REDACTED) Task %s/%s finished executing. cause:%s result: %s elapsed_millis: %s uptime_millis: %s exec_start_elapsed_seconds: %s
05-24 01:53:48.851  4371  4371 W g0      : onStartInput event aborted
05-24 01:53:48.851  4371  4371 W g0      : ic0.d0: could not obtain extracted text
05-24 01:53:48.851  4371  4371 W g0      : 	at ic0.x0.H(Unknown Source:329)
05-24 01:53:48.851  4371  4371 W g0      : 	at o70.b0.h(Unknown Source:283)
05-24 01:53:48.851  4371  4371 W g0      : 	at o70.j3.h(Unknown Source:4)
05-24 01:53:48.851  4371  4371 W g0      : 	at com.touchtype.KeyboardService.onStartInput(Unknown Source:11)
05-24 01:53:48.851  4371  4371 W g0      : 	at android.inputmethodservice.InputMethodService.doStartInput(InputMethodService.java:2902)
05-24 01:53:48.851  4371  4371 W g0      : 	at android.inputmethodservice.InputMethodService$InputMethodImpl.startInput(InputMethodService.java:809)
05-24 01:53:48.851  4371  4371 W g0      : 	at android.inputmethodservice.InputMethodService$InputMethodImpl.dispatchStartInputWithToken(InputMethodService.java:840)
05-24 01:53:48.851  4371  4371 W g0      : 	at android.inputmethodservice.IInputMethodWrapper.executeMessage(IInputMethodWrapper.java:213)
05-24 01:53:48.851  4371  4371 W g0      : 	at com.android.internal.os.HandlerCaller$MyHandler.handleMessage(HandlerCaller.java:44)
05-24 01:53:48.851  4371  4371 W g0      : 	at android.os.Handler.dispatchMessage(Handler.java:106)
05-24 01:53:48.851  4371  4371 W g0      : 	at android.os.Looper.loopOnce(Looper.java:223)
05-24 01:53:48.851  4371  4371 W g0      : 	at android.os.Looper.loop(Looper.java:324)
05-24 01:53:48.851  4371  4371 W g0      : 	at android.app.ActivityThread.main(ActivityThread.java:8547)
05-24 01:53:48.851  4371  4371 W g0      : 	at java.lang.reflect.Method.invoke(Native Method)
05-24 01:53:48.851  4371  4371 W g0      : 	at com.android.internal.os.RuntimeInit$MethodAndArgsCaller.run(RuntimeInit.java:582)
05-24 01:53:48.851  4371  4371 W g0      : 	at com.android.internal.os.ZygoteInit.main(ZygoteInit.java:1061)
05-24 01:53:49.131  4371  4371 E VivoConfigStore: key:vivo.software.romstyle isCached is true and value is true
05-24 01:53:49.175 17984 18502 I DGW     : I[notifyStreamGroupError:1890] StreamGroupTransport[rpsignaling] notify StreamGroup error: StreamGroupNetworkRequest request cancelled: max retries reached; last err (TransientError domain: MNSSecureTCP code: 1 detail: SecureTCP connection establish timeout)
05-24 01:53:49.176 17984 18502 I DGW     : I[onStreamGroupError:733] DGW: StreamGroup error: StreamGroupNetworkRequest request cancelled: max retries reached; last err (TransientError domain: MNSSecureTCP code: 1 detail: SecureTCP connection establish timeout)
05-24 01:53:49.176 17984 18502 I DGW     : I[clearStream:354] DGW: Clearing stream coordinators
05-24 01:53:49.176 17984 18502 I DGW     : I[closeStream:370] DGW: Closing stream: streamId=1, reason=StreamCoordinator destroyed
05-24 01:53:49.176 17984 18502 I DGW     : I[startNewStream:292] DGW: Starting new stream, traceId=224148215031145686671876797088_234
05-24 01:53:49.176 17984 18502 I DGW     : I[start:41] DGW: StreamGroup starting: traceId=224148215031145686671876797088_234, service=rpsignaling
05-24 01:53:49.177 17984 18502 W DGW     : W[setEnabled:191] StreamGroupPinger[rpsignaling]: setEnabled: 0
05-24 01:53:49.178 17984 18502 I DGW     : I[addStreamCoordinator:221] DGW: Adding stream coordinator for service: mws
05-24 01:53:49.178 17984 18502 I DGW     : I[establishStream:299] DGW: Establishing stream: streamId=1, service=mws
05-24 01:53:49.178 17984 18502 I DGW     : I[establishStream:100] DGW: StreamGroup establishing stream: service=mws, traceId=1
05-24 01:53:49.178 17984 18502 I DGW     : I[onConnecting:191] DGW: StreamGroup connecting: traceId=224148215031145686671876797088_234_1
05-24 01:53:49.193  4371  4371 E VivoConfigStore: key:vivo.software.romstyle isCached is true and value is true
05-24 01:53:49.305  4371  4371 E VivoConfigStore: key:vivo.software.romstyle isCached is true and value is true
05-24 01:53:49.308  4371  4371 E VivoConfigStore: key:vivo.software.romstyle isCached is true and value is true
05-24 01:53:49.311  4371  4371 E VivoConfigStore: key:vivo.software.romstyle isCached is true and value is true
05-24 01:53:49.808  4371  4371 W g0      : onStartInputView event aborted
05-24 01:53:49.808  4371  4371 W g0      : ic0.d0: Could not create reset composing text event
05-24 01:53:49.808  4371  4371 W g0      : 	at ic0.g0.u0(Unknown Source:17)
05-24 01:53:49.808  4371  4371 W g0      : 	at ic0.g0.t0(Unknown Source:175)
05-24 01:53:49.808  4371  4371 W g0      : 	at o70.b0.n(Unknown Source:291)
05-24 01:53:49.808  4371  4371 W g0      : 	at o70.j3.n(Unknown Source:4)
05-24 01:53:49.808  4371  4371 W g0      : 	at com.touchtype.KeyboardService.onStartInputView(Unknown Source:9)
05-24 01:53:49.808  4371  4371 W g0      : 	at android.inputmethodservice.InputMethodService.startViews(InputMethodService.java:2737)
05-24 01:53:49.808  4371  4371 W g0      : 	at android.inputmethodservice.InputMethodService.showWindow(InputMethodService.java:2639)
05-24 01:53:49.808  4371  4371 W g0      : 	at android.inputmethodservice.InputMethodService$InputMethodImpl.showSoftInput(InputMethodService.java:947)
05-24 01:53:49.808  4371  4371 W g0      : 	at android.inputmethodservice.InputMethodService$InputMethodImpl.showSoftInputWithToken(InputMethodService.java:921)
05-24 01:53:49.808  4371  4371 W g0      : 	at android.inputmethodservice.IInputMethodWrapper.executeMessage(IInputMethodWrapper.java:235)
05-24 01:53:49.808  4371  4371 W g0      : 	at com.android.internal.os.HandlerCaller$MyHandler.handleMessage(HandlerCaller.java:44)
05-24 01:53:49.808  4371  4371 W g0      : 	at android.os.Handler.dispatchMessage(Handler.java:106)
05-24 01:53:49.808  4371  4371 W g0      : 	at android.os.Looper.loopOnce(Looper.java:223)
05-24 01:53:49.808  4371  4371 W g0      : 	at android.os.Looper.loop(Looper.java:324)
05-24 01:53:49.808  4371  4371 W g0      : 	at android.app.ActivityThread.main(ActivityThread.java:8547)
05-24 01:53:49.808  4371  4371 W g0      : 	at java.lang.reflect.Method.invoke(Native Method)
05-24 01:53:49.808  4371  4371 W g0      : 	at com.android.internal.os.RuntimeInit$MethodAndArgsCaller.run(RuntimeInit.java:582)
05-24 01:53:49.808  4371  4371 W g0      : 	at com.android.internal.os.ZygoteInit.main(ZygoteInit.java:1061)
05-24 01:53:49.834  4371  4371 I Choreographer: Skipped 51 frames!  The application may be doing too much work on its main thread.
05-24 01:53:49.861  4371  4371 D BufferQueueConsumer: [](id:11130000004a,api:0,p:-1,c:4371) connect: controlledByApp=false
05-24 01:53:49.890 21773 21773 I Finsky  : [2] SCH: job service start with id 9551.
05-24 01:53:49.924 21773 22036 I Finsky  : [126] SCH: Scheduling phonesky job Id: 1-1337, CT: 1779554815525, Constraints: [{ L: 43184763, D: 86384763, C: CHARGING_NONE, I: IDLE_NONE, N: NET_ANY, B: BATTERY_ANY }]
05-24 01:53:49.924 21773 22036 I Finsky  : [126] SCH: Scheduling phonesky job Id: 12-1, CT: 1779569615003, Constraints: [{ L: 15000, D: 86400000, C: CHARGING_NONE, I: IDLE_NONE, N: NET_ANY, B: BATTERY_ANY }]
05-24 01:53:49.925 21773 22036 I Finsky  : [126] SCH: Scheduling phonesky job Id: 34-1713, CT: 1779554846734, Constraints: [{ L: 604800000, D: 2491208160, C: CHARGING_NONE, I: IDLE_NONE, N: NET_ANY, B: BATTERY_ANY }]
05-24 01:53:49.925 21773 22036 I Finsky  : [126] SCH: Scheduling phonesky job Id: 34-1722, CT: 1779554846735, Constraints: [{ L: 604800000, D: 2570519144, C: CHARGING_NONE, I: IDLE_NONE, N: NET_ANY, B: BATTERY_ANY }]
05-24 01:53:49.925 21773 22036 I Finsky  : [126] SCH: Scheduling phonesky job Id: 34-1725, CT: 1779554846735, Constraints: [{ L: 57712560, D: 1353712560, C: CHARGING_NONE, I: IDLE_NONE, N: NET_ANY, B: BATTERY_ANY }]
05-24 01:53:49.948 21773 22012 I Finsky  : [123] SCH: Scheduling 1 system job(s)
05-24 01:53:49.948 21773 22012 I Finsky  : [123] SCH: Scheduling system job Id: 9557, L: 0, D: 71570340, C: false, I: false, N: 1
05-24 01:53:49.968 21773 21773 I Finsky  : [2] SCH: job service start with id 9557.
05-24 01:53:49.974 21773 27476 I Finsky  : [231] SCH: job service finished with id 9551.
05-24 01:53:49.977  4371  4401 D BLASTBufferQueue: [VRI[InputMethod]#74](f:0,a:1) acquireNextBufferLocked size=1080x2320 mFrameNumber=1 applyTransaction=true mTimestamp=40561410075570(auto) mPendingTransactions.size=0 graphicBufferId=18773302051123 transform=0
05-24 01:53:49.983  4371  4371 E ANDR-VIVO-PERF: IVPerf::tryGetService failed!
05-24 01:53:49.993 21773 22012 I Finsky  : [123] SCH: Scheduling phonesky job Id: 1-1337, CT: 1779554815525, Constraints: [{ L: 43184763, D: 86384763, C: CHARGING_NONE, I: IDLE_NONE, N: NET_ANY, B: BATTERY_ANY }]
05-24 01:53:49.993 21773 22012 I Finsky  : [123] SCH: Scheduling phonesky job Id: 12-1, CT: 1779569615003, Constraints: [{ L: 15000, D: 86400000, C: CHARGING_NONE, I: IDLE_NONE, N: NET_ANY, B: BATTERY_ANY }]
05-24 01:53:49.994 21773 22012 I Finsky  : [123] SCH: Scheduling phonesky job Id: 34-1713, CT: 1779554846734, Constraints: [{ L: 604800000, D: 2491208160, C: CHARGING_NONE, I: IDLE_NONE, N: NET_ANY, B: BATTERY_ANY }]
05-24 01:53:49.994 21773 22012 I Finsky  : [123] SCH: Scheduling phonesky job Id: 34-1722, CT: 1779554846735, Constraints: [{ L: 604800000, D: 2570519144, C: CHARGING_NONE, I: IDLE_NONE, N: NET_ANY, B: BATTERY_ANY }]
05-24 01:53:49.994 21773 22012 I Finsky  : [123] SCH: Scheduling phonesky job Id: 34-1725, CT: 1779554846735, Constraints: [{ L: 57712560, D: 1353712560, C: CHARGING_NONE, I: IDLE_NONE, N: NET_ANY, B: BATTERY_ANY }]
05-24 01:53:49.997  4371  4384 I OpenGLRenderer: Davey! duration=995ms; Flags=1, FrameTimelineVsyncId=13945224, IntendedVsync=40560417148625, Vsync=40561257122654, InputEventId=0, HandleInputStart=40561267959570, AnimationStart=40561267963262, PerformTraversalsStart=40561268094031, DrawStart=40561302080800, FrameDeadline=40560437148625, FrameInterval=40561267835877, FrameStartTime=16470079, SyncQueued=40561363274723, SyncStart=40561364183877, IssueDrawCommandsStart=40561372361800, SwapBuffers=40561407082108, FrameCompleted=40561413395646, DequeueBufferDuration=35077, QueueBufferDuration=951154, GpuCompleted=40561413395646, SwapBuffersCompleted=40561411600877, DisplayPresentTime=33717901984239, CommandSubmissionCompleted=40561407082108, 
05-24 01:53:50.003 21773 22009 I Finsky  : [122] SCH: Scheduling 1 system job(s)
05-24 01:53:50.003 21773 22009 I Finsky  : [122] SCH: Scheduling system job Id: 9562, L: 0, D: 71570285, C: false, I: false, N: 1
05-24 01:53:50.017 21773 21773 I Finsky  : [2] SCH: job service start with id 9562.
05-24 01:53:50.029 21773 27476 I Finsky  : [231] SCH: job service finished with id 9557.
05-24 01:53:50.037  4371  4378 W chtype.swiftkey: Missing inline cache for void ia.j.b(java.util.ArrayList, java.util.List)
05-24 01:53:50.056 21773 27003 I Finsky  : [220] SCH: Satisfied jobs for 9562 are: 12-1
05-24 01:53:50.065 21773 27476 I Finsky  : [231] SCH: Job 12-1 starting
05-24 01:53:50.078 21773 21773 I Finsky  : [2] WM::SCH: Logging work start for 12-1
05-24 01:53:50.082 21773 21773 I Finsky  : [2] [ContentSync] job started
05-24 01:53:50.164  4371  4371 E ANDR-VIVO-PERF: IVPerf::tryGetService failed!
05-24 01:53:50.337 27363 27363 D BufferQueueConsumer: [](id:6ae300000002,api:0,p:-1,c:27363) connect: controlledByApp=false
05-24 01:53:50.341 27363 27381 E OpenGLRenderer: Device claims wide gamut support, cannot find matching config, error = EGL_SUCCESS
05-24 01:53:50.341 27363 27381 W OpenGLRenderer: Failed to initialize 101010-2 format, error = EGL_SUCCESS
05-24 01:53:50.342 27363 27381 D skia    : GrGLMakeAssembledInterface verStr OpenGL ES 3.2 v1.r26p0-01eac0.455662e55e7c7fb95a4b1db7e7af49a8
05-24 01:53:50.342 27363 27381 D skia    : GrGLMakeAssembledGLESInterface verStr OpenGL ES 3.2 v1.r26p0-01eac0.455662e55e7c7fb95a4b1db7e7af49a8
05-24 01:53:50.342 27363 27381 D skia    : extensions init verString=OpenGL ES 3.2 v1.r26p0-01eac0.455662e55e7c7fb95a4b1db7e7af49a8
05-24 01:53:50.376 27363 27381 D BLASTBufferQueue: [VRI[InstrumentationActivityInvoker$EmptyActivity]#2](f:0,a:1) acquireNextBufferLocked size=1080x2408 mFrameNumber=1 applyTransaction=true mTimestamp=40561809235031(auto) mPendingTransactions.size=0 graphicBufferId=117523190120456 transform=0
05-24 01:53:50.378 27363 27381 W Parcel  : Expecting binder but got null!
05-24 01:53:50.498 22449 22449 D BufferQueueConsumer: [](id:57b10000000b,api:0,p:-1,c:22449) connect: controlledByApp=false
05-24 01:53:50.503 22449 22449 I byaf    : (REDACTED) onApplyWindowInsets: systemWindowInsets=%s
05-24 01:53:50.503 22449 22449 I byaf    : (REDACTED) onApplyWindowInsets: systemWindowInsets=%s
05-24 01:53:50.534 21773 21777 I android.vending: Background young concurrent copying GC freed 17MB AllocSpace bytes, 7(428KB) LOS objects, 52% free, 16MB/35MB, paused 3.303ms,408us total 277.089ms
05-24 01:53:50.553 22449 22603 D BLASTBufferQueue: [VRI[GoogleDiscoverWindow]#11](f:0,a:1) acquireNextBufferLocked size=1080x2408 mFrameNumber=1 applyTransaction=true mTimestamp=40561984911031(auto) mPendingTransactions.size=0 graphicBufferId=96417720827949 transform=0
05-24 01:53:50.556 22449 22449 I bygm    : onStart
05-24 01:53:50.567 27363 27381 I GED     : ged_boost_gpu_freq, level 100, eOrigin 2, final_idx 29, oppidx_max 29, oppidx_min 0
05-24 01:53:50.569 22449 22449 I bvzm    : (REDACTED) [%s] onStart()
05-24 01:53:50.571 22449 22449 I bwbz    : Reloading theme data
05-24 01:53:50.587 22449 22449 E NetworkErrorMessage: (REDACTED) Invalid connectivity state: %s
05-24 01:53:50.588 22449 22449 I bygm    : onResume
05-24 01:53:50.589 22449 22449 W dnyu    : missing event name
05-24 01:53:50.619 22449 22449 I byaf    : (REDACTED) onApplyWindowInsets: systemWindowInsets=%s
05-24 01:53:50.619 22449 22449 I byaf    : (REDACTED) onApplyWindowInsets: systemWindowInsets=%s
05-24 01:53:50.826 22449 22449 I bygm    : onPause
05-24 01:53:50.827 22449 22449 W dnyu    : measuring already stopped.
05-24 01:53:50.920 22449 22449 I bygm    : onStop
05-24 01:53:51.008  1660  1697 I ActivityTaskManager: Displayed com.easyui.guardianlauncher/androidx.activity.ComponentActivity: +323ms
05-24 01:53:51.099  4371  4371 W g0      : onStartInput event aborted
05-24 01:53:51.099  4371  4371 W g0      : ic0.d0: could not obtain extracted text
05-24 01:53:51.099  4371  4371 W g0      : 	at ic0.x0.H(Unknown Source:329)
05-24 01:53:51.099  4371  4371 W g0      : 	at o70.b0.h(Unknown Source:283)
05-24 01:53:51.099  4371  4371 W g0      : 	at o70.j3.h(Unknown Source:4)
05-24 01:53:51.099  4371  4371 W g0      : 	at com.touchtype.KeyboardService.onStartInput(Unknown Source:11)
05-24 01:53:51.099  4371  4371 W g0      : 	at android.inputmethodservice.InputMethodService.doStartInput(InputMethodService.java:2902)
05-24 01:53:51.099  4371  4371 W g0      : 	at android.inputmethodservice.InputMethodService$InputMethodImpl.startInput(InputMethodService.java:809)
05-24 01:53:51.099  4371  4371 W g0      : 	at android.inputmethodservice.InputMethodService$InputMethodImpl.dispatchStartInputWithToken(InputMethodService.java:840)
05-24 01:53:51.099  4371  4371 W g0      : 	at android.inputmethodservice.IInputMethodWrapper.executeMessage(IInputMethodWrapper.java:213)
05-24 01:53:51.099  4371  4371 W g0      : 	at com.android.internal.os.HandlerCaller$MyHandler.handleMessage(HandlerCaller.java:44)
05-24 01:53:51.099  4371  4371 W g0      : 	at android.os.Handler.dispatchMessage(Handler.java:106)
05-24 01:53:51.099  4371  4371 W g0      : 	at android.os.Looper.loopOnce(Looper.java:223)
